%MACRO { }
^ Operator
 ^^^^^ Special
       ^ Operator
         ^ Operator
%! { }
^ Operator
 ^ Special
   ^ Operator
     ^ Operator
%@ { }
^ Operator
 ^ Special
   ^ Operator
     ^ Operator
%% { }
^ Operator
 ^ Special
   ^ Operator
     ^ Operator
% { }
^ Operator
  ^ Operator
    ^ Operator

( Braces )
^ Comment
  ^^^^^^ Comment
         ^ Comment
%MACRO { }
^ Operator
 ^^^^^ Special
       ^ Operator
         ^ Operator
%MACRO{ }
^ Operator
 ^^^^^^ Special
        ^ Operator
%MACRO{x }
^ Operator
 ^^^^^^^ Special
         ^ Operator
%MACRO{x }x
^ Operator
 ^^^^^^^ Special
         ^^ Operator
%MACRO { { { } ( Multiple opening braces are part of the definition )
^ Operator
 ^^^^^ Special
       ^ Operator
         ^ Operator
           ^ Operator
             ^ Operator
               ^ Comment
                 ^^^^^^^^ Comment
                          ^^^^^^^ Comment
                                  ^^^^^^ Comment
                                         ^^^ Comment
                                             ^^^^ Comment
                                                  ^^ Comment
                                                     ^^^ Comment
                                                         ^^^^^^^^^^ Comment
                                                                    ^ Comment
%MACRO { } } } ( Only one closing brace is a part of the definition )
^ Operator
 ^^^^^ Special
       ^ Operator
         ^ Operator
           ^ Type
             ^ Type
               ^ Comment
                 ^^^^ Comment
                      ^^^ Comment
                          ^^^^^^^ Comment
                                  ^^^^^ Comment
                                        ^^ Comment
                                           ^ Comment
                                             ^^^^ Comment
                                                  ^^ Comment
                                                     ^^^ Comment
                                                         ^^^^^^^^^^ Comment
                                                                    ^ Comment
%MACRO { { } }
^ Operator
 ^^^^^ Special
       ^ Operator
         ^ Operator
           ^ Operator
             ^ Type
{ } ( Braces outside of a macro definition )
^ Type
  ^ Type
    ^ Comment
      ^^^^^^ Comment
             ^^^^^^^ Comment
                     ^^ Comment
                        ^ Comment
                          ^^^^^ Comment
                                ^^^^^^^^^^ Comment
                                           ^ Comment
x{ x}
^^ Type
   ^^ Type

%MACRO { x %NESTED { x } x } ( Last closing brace is not a part of the definition )
^ Operator
 ^^^^^ Special
       ^ Operator
         ^ Type
           ^ Operator
            ^^^^^^ Special
                   ^ Operator
                     ^ Type
                       ^ Operator
                         ^ Type
                           ^ Type
                             ^ Comment
                               ^^^^ Comment
                                    ^^^^^^^ Comment
                                            ^^^^^ Comment
                                                  ^^ Comment
                                                     ^^^ Comment
                                                         ^ Comment
                                                           ^^^^ Comment
                                                                ^^ Comment
                                                                   ^^^ Comment
                                                                       ^^^^^^^^^^ Comment
                                                                                  ^ Comment

( Macro contents )
^ Comment
  ^^^^^ Comment
        ^^^^^^^^ Comment
                 ^ Comment
%MACRO {
^ Operator
 ^^^^^ Special
       ^ Operator
    BRK LIT2kr @label/label &sublabel
    ^^^ Keyword
        ^^^^^^ Keyword
               ^ Operator
                ^^^^^ Function
                     ^ Operator
                      ^^^^^ Function
                            ^ Operator
                             ^^^^^^^^ Function
    .label #12 #abcd $1 |100 ~lib.tal
    ^ Operator
     ^^^^^ Type
           ^ Operator
            ^^ Number
               ^ Operator
                ^^^^ Number
                     ^ Operator
                      ^ Number
                        ^ Operator
                         ^^^ Number
                             ^ Operator
                              ^^^^^^^ String
    "string %MACRO ( comment ) [ ]
    ^ Operator
     ^^^^^^ String
            ^ Operator
             ^^^^^ Special
                   ^ Comment
                     ^^^^^^^ Comment
                             ^ Comment
                               ^ Operator
                                 ^ Operator
}
^ Operator
