BRK JMP JMP2 JMPk JMPr JMP2kr2kr ( Valid mnemonics )
^^^ Keyword
    ^^^ Keyword
        ^^^^ Keyword
             ^^^^ Keyword
                  ^^^^ Keyword
                       ^^^^^^^^^ Keyword
                                 ^ Comment
                                   ^^^^^ Comment
                                         ^^^^^^^^^ Comment
                                                   ^ Comment

( Invalid modes )
^ Comment
  ^^^^^^^ Comment
          ^^^^^ Comment
                ^ Comment
BRK2 BRKk BRKr
^^^^ Type
     ^^^^ Type
          ^^^^ Type
JCI2 JCIk JCIr
^^^^ Type
     ^^^^ Type
          ^^^^ Type
JMI2 JMIk JMIr
^^^^ Type
     ^^^^ Type
          ^^^^ Type
JSI2 JSIk JSIr
^^^^ Type
     ^^^^ Type
          ^^^^ Type

aBRK BRKa BRK- BRK-JMP JMP2kr2jr JMPa JMP- ( Almost-mnemonics )
^^^^ Type
     ^^^^ Type
          ^^^^ Type
               ^^^^^^^ Type
                       ^^^^^^^^^ Type
                                 ^^^^ Type
                                      ^^^^ Type
                                           ^ Comment
                                             ^^^^^^^^^^^^^^^^ Comment
                                                              ^ Comment

( All base mnemonics )
^ Comment
  ^^^ Comment
      ^^^^ Comment
           ^^^^^^^^^ Comment
                     ^ Comment
BRK JCI JMI JSI
^^^ Keyword
    ^^^ Keyword
        ^^^ Keyword
            ^^^ Keyword
LIT INC POP NIP SWP ROT DUP OVR
^^^ Keyword
    ^^^ Keyword
        ^^^ Keyword
            ^^^ Keyword
                ^^^ Keyword
                    ^^^ Keyword
                        ^^^ Keyword
                            ^^^ Keyword
EQU NEQ GTH LTH JMP JCN JSR STH
^^^ Keyword
    ^^^ Keyword
        ^^^ Keyword
            ^^^ Keyword
                ^^^ Keyword
                    ^^^ Keyword
                        ^^^ Keyword
                            ^^^ Keyword
LDZ STZ LDR STR LDA STA DEI DEO
^^^ Keyword
    ^^^ Keyword
        ^^^ Keyword
            ^^^ Keyword
                ^^^ Keyword
                    ^^^ Keyword
                        ^^^ Keyword
                            ^^^ Keyword
ADD SUB MUL DIV AND ORA EOR SFT
^^^ Keyword
    ^^^ Keyword
        ^^^ Keyword
            ^^^ Keyword
                ^^^ Keyword
                    ^^^ Keyword
                        ^^^ Keyword
                            ^^^ Keyword
